[dotenv@17.2.3] injecting env (0) from .env -- tip: ­ƒôí add observability to secrets: https://dotenvx.com/ops
Testing database connection...
DATABASE_URL: postgresql://postgres.wpguzmkmxpwlliksyauv:****@aws-0-sa-east-1.pooler.supabase.com:6543/postgres
Listing tables in public schema...
bun : Database error message: 
Tenant or user not found
No linha:1 caractere:1
+ bun test-db.js > 
test-output.log 2>&1
+ ~~~~~~~~~~~~~~~~~~~~~~~~~~~~~~~~
~~~~~
    + CategoryInfo          : Not 
   Specified: (Database error ..  
  . user not found:String) [],    
 RemoteException
    + FullyQualifiedErrorId : Nat 
   iveCommandError
 
Full error: 40 |     res = resolve
41 |     rej = reject
42 |   }).catch((err) => {
43 |     // replace the stack 
trace that leads to 
`TCP.onStreamRead` with one that 
leads back to the
44 |     // application that 
created the query
45 |     
Error.captureStackTrace(err)
               ^
error: Tenant or user not found
     length: 52,
   severity: "FATAL",
     detail: undefined,
       hint: undefined,
   position: undefined,
 internalPosition: undefined,
 internalQuery: undefined,
      where: undefined,
     schema: undefined,
      table: undefined,
   dataType: undefined,
 constraint: undefined,
       file: undefined,
    routine: undefined,
       code: "XX000"

      at <anonymous> (C:\Users\Ram
on\Desktop\viral-cuts-dashboard\no
de_modules\pg-pool\index.js:45:11)

